Archive member included to satisfy reference by file (symbol)

/opt/esp-open-sdk/sdk/lib/libmain.a(debug-vector.o)
                              (_DebugExceptionVector)
/opt/esp-open-sdk/sdk/lib/libmain.a(double-vector.o)
                              (_DoubleExceptionVector)
/opt/esp-open-sdk/sdk/lib/libmain.a(kernel-vector.o)
                              (_KernelExceptionVector)
/opt/esp-open-sdk/sdk/lib/libmain.a(nmi-vector.o)
                              (_NMIExceptionVector)
/opt/esp-open-sdk/sdk/lib/libmain.a(user-vector.o)
                              (_UserExceptionVector)
/opt/esp-open-sdk/sdk/lib/libmain.a(vector.o)
                              (call_user_start)
/opt/esp-open-sdk/sdk/lib/libmain.a(app_main.o)
                              /opt/esp-open-sdk/sdk/lib/libmain.a(nmi-vector.o) (NMI_Handler)
/opt/esp-open-sdk/sdk/lib/libmain.a(ets_timer.o)
                              /opt/esp-open-sdk/sdk/lib/libmain.a(app_main.o) (ets_timer_setfn)
/opt/esp-open-sdk/sdk/lib/libmain.a(mem_manager.o)
                              /opt/esp-open-sdk/sdk/lib/libmain.a(app_main.o) (vPortFree)
/opt/esp-open-sdk/sdk/lib/libmain.a(spi_flash.o)
                              /opt/esp-open-sdk/sdk/lib/libmain.a(app_main.o) (spi_flash_get_id)
/opt/esp-open-sdk/sdk/lib/libmain.a(user_interface.o)
                              /opt/esp-open-sdk/sdk/lib/libmain.a(app_main.o) (done_cb)
/opt/esp-open-sdk/sdk/lib/libmain.a(user_rf_cal_sector_set.o)
                              /opt/esp-open-sdk/sdk/lib/libmain.a(app_main.o) (user_rf_cal_sector_set)
/opt/esp-open-sdk/sdk/lib/libmain.a(eagle_lib.o)
                              /opt/esp-open-sdk/sdk/lib/libmain.a(user_interface.o) (ets_sprintf)
/opt/esp-open-sdk/sdk/lib/libmain.a(eagle_lwip_if.o)
                              /opt/esp-open-sdk/sdk/lib/libmain.a(user_interface.o) (hostname)
/opt/Sming/Sming/compiler/lib//libsming.a(crash_handler.o)
                              /opt/esp-open-sdk/sdk/lib/libmain.a(app_main.o) (__wrap_system_restart_local)
/opt/Sming/Sming/compiler/lib//libsming.a(user_main.o)
                              /opt/esp-open-sdk/sdk/lib/libmain.a(app_main.o) (user_init)
/opt/Sming/Sming/compiler/lib//libsming.a(System.o)
                              /opt/Sming/Sming/compiler/lib//libsming.a(user_main.o) (_ZN11SystemClass10initializeEv)
/opt/Sming/Sming/compiler/lib//libsming.a(gdbstub.o)
                              /opt/Sming/Sming/compiler/lib//libsming.a(user_main.o) (gdbstub_init)
/opt/Sming/Sming/compiler/lib//libsming.a(esp_cplusplus.o)
                              /opt/Sming/Sming/compiler/lib//libsming.a(user_main.o) (cpp_core_initialize)
/opt/Sming/Sming/compiler/lib//libsming.a(m_printf.o)
                              /opt/Sming/Sming/compiler/lib//libsming.a(esp_cplusplus.o) (m_printf)
/opt/Sming/Sming/compiler/lib//libsming.a(IPAddress.o)
                              /opt/Sming/Sming/compiler/lib//libsming.a(user_main.o) (_ZN9IPAddressC1Ehhhh)
/opt/Sming/Sming/compiler/lib//libsming.a(Interrupts.o)
                              /opt/Sming/Sming/compiler/lib//libsming.a(System.o) (_Z12noInterruptsv)
/opt/Sming/Sming/compiler/lib//libsming.a(gdbstub-entry.o)
                              /opt/Sming/Sming/compiler/lib//libsming.a(gdbstub.o) (gdbstub_save_extra_sfrs_for_exception)
/opt/Sming/Sming/compiler/lib//libsming.a(stringconversion.o)
                              /opt/Sming/Sming/compiler/lib//libsming.a(m_printf.o) (ltoa_wp)
/opt/Sming/Sming/compiler/lib//libsming.a(xt_interrupts.o)
                              /opt/Sming/Sming/compiler/lib//libsming.a(Interrupts.o) (xt_disable_interrupts)
/opt/Sming/Sming/compiler/lib//libsming.a(WString.o)
                              /opt/Sming/Sming/compiler/lib//libsming.a(IPAddress.o) (_ZN6StringD1Ev)
/opt/Sming/Sming/compiler/lib//libsming.a(Print.o)
                              /opt/Sming/Sming/compiler/lib//libsming.a(IPAddress.o) (_ZN5Print5printEc)
/opt/Sming/Sming/compiler/lib//libsming.a(Digital.o)
                              /opt/Sming/Sming/compiler/lib//libsming.a(Interrupts.o) (_Z7pinModeth)
out/build/app_app.a(application.o)
                              /opt/Sming/Sming/compiler/lib//libsming.a(user_main.o) (_Z4initv)
out/build/app_app.a(SunSet.o)
                              out/build/app_app.a(application.o) (_ZN6SunSetC1Ev)
/opt/Sming/Sming/compiler/lib//libmicroc.a(isspace.o)
                              /opt/Sming/Sming/compiler/lib//libsming.a(WString.o) (isspace)
/opt/Sming/Sming/compiler/lib//libmicroc.a(tolower.o)
                              /opt/Sming/Sming/compiler/lib//libsming.a(WString.o) (tolower)
/opt/Sming/Sming/compiler/lib//libmicroc.a(toupper.o)
                              /opt/Sming/Sming/compiler/lib//libsming.a(WString.o) (toupper)
/opt/Sming/Sming/compiler/lib//libmicroc.a(atof.o)
                              /opt/Sming/Sming/compiler/lib//libsming.a(WString.o) (atof)
/opt/Sming/Sming/compiler/lib//libmicroc.a(atoi.o)
[...]
Memory Configuration

Name             Origin             Length             Attributes
dport0_0_seg     0x000000003ff00000 0x0000000000000010
dram0_0_seg      0x000000003ffe8000 0x0000000000014000
iram1_0_seg      0x0000000040100000 0x0000000000008000
irom0_0_seg      0x0000000040209000 0x00000000000f7000
*default*        0x0000000000000000 0xffffffffffffffff

Linker script and memory map

START GROUP
LOAD /opt/Sming/Sming/compiler/lib//libmicroc.a
LOAD /opt/Sming/Sming/compiler/lib//libmicrogcc.a
LOAD /opt/esp-open-sdk/xtensa-lx106-elf/xtensa-lx106-elf/sysroot/usr/lib/libhal.a
LOAD /opt/esp-open-sdk/sdk/lib/libphy.a
LOAD /opt/esp-open-sdk/sdk/lib/libpp.a
LOAD /opt/esp-open-sdk/sdk/lib/libnet80211.a
LOAD /opt/esp-open-sdk/sdk/lib/liblwip.a
LOAD /opt/esp-open-sdk/sdk/lib/libwpa.a
LOAD /opt/esp-open-sdk/sdk/lib/libmain.a
LOAD /opt/Sming/Sming/compiler/lib//libsming.a
LOAD /opt/esp-open-sdk/sdk/lib/libcrypto.a
LOAD /opt/esp-open-sdk/sdk/lib/libpwm.a
LOAD /opt/esp-open-sdk/sdk/lib/libsmartconfig.a
LOAD out/build/app_app.a
END GROUP
                [!provide]                        PROVIDE (_memmap_vecbase_reset, 0x40000000)
                0x0000000000000110                _memmap_cacheattr_wb_base = 0x110
                0x0000000000000110                _memmap_cacheattr_wt_base = 0x110
                0x0000000000000220                _memmap_cacheattr_bp_base = 0x220
                0x00000000fffff00f                _memmap_cacheattr_unused_mask = 0xfffff00f
                0x000000002222211f                _memmap_cacheattr_wb_trapnull = 0x2222211f
                0x000000002222211f                _memmap_cacheattr_wba_trapnull = 0x2222211f
                0x000000002222211f                _memmap_cacheattr_wbna_trapnull = 0x2222211f
                0x000000002222211f                _memmap_cacheattr_wt_trapnull = 0x2222211f
                0x000000002222222f                _memmap_cacheattr_bp_trapnull = 0x2222222f
                0x00000000fffff11f                _memmap_cacheattr_wb_strict = 0xfffff11f
                0x00000000fffff11f                _memmap_cacheattr_wt_strict = 0xfffff11f
                0x00000000fffff22f                _memmap_cacheattr_bp_strict = 0xfffff22f
                0x0000000022222112                _memmap_cacheattr_wb_allvalid = 0x22222112
                0x0000000022222112                _memmap_cacheattr_wt_allvalid = 0x22222112
                0x0000000022222222                _memmap_cacheattr_bp_allvalid = 0x22222222
                [!provide]                        PROVIDE (_memmap_cacheattr_reset, _memmap_cacheattr_wb_trapnull)

.dport0.rodata  0x000000003ff00000        0x0
                0x000000003ff00000                _dport0_rodata_start = ABSOLUTE (.)
 *(.dport0.rodata)
 *(.dport.rodata)
                0x000000003ff00000                _dport0_rodata_end = ABSOLUTE (.)

.dport0.literal
                0x000000003ff00000        0x0
                0x000000003ff00000                _dport0_literal_start = ABSOLUTE (.)
 *(.dport0.literal)
 *(.dport.literal)
                0x000000003ff00000                _dport0_literal_end = ABSOLUTE (.)

.dport0.data    0x000000003ff00000        0x0
                0x000000003ff00000                _dport0_data_start = ABSOLUTE (.)
 *(.dport0.data)
 *(.dport.data)
                0x000000003ff00000                _dport0_data_end = ABSOLUTE (.)

.data           0x000000003ffe8000      0x384
                0x000000003ffe8000                _data_start = ABSOLUTE (.)
 *(.data)
 .data          0x000000003ffe8000        0x4 /opt/esp-open-sdk/sdk/lib/libmain.a(nmi-vector.o)
                0x000000003ffe8000                _Pri_3_HandlerAddress
 .data          0x000000003ffe8004        0x1 /opt/esp-open-sdk/sdk/lib/libmain.a(app_main.o)
 *fill*         0x000000003ffe8005        0x3 
 .data          0x000000003ffe8008        0x6 /opt/esp-open-sdk/sdk/lib/libmain.a(user_interface.o)
                0x000000003ffe8009                timer2_ms_flag
                0x000000003ffe800a                dhcps_flag
                0x000000003ffe800b                dhcpc_flag
                0x000000003ffe800d                reconnect_internal
 *fill*         0x000000003ffe800e        0x2 
 .data          0x000000003ffe8010        0x1 /opt/esp-open-sdk/sdk/lib/libmain.a(eagle_lwip_if.o)
                0x000000003ffe8010                default_hostname
 *fill*         0x000000003ffe8011        0xf 
 .data          0x000000003ffe8020       0x53 /opt/esp-open-sdk/sdk/lib/libphy.a(phy_chip_v6.o)
                0x000000003ffe8022                tx_rf_ana_gain
                0x000000003ffe8050                rx_gain_swp
                0x000000003ffe8070                test_rffreq_txcap
 *fill*         0x000000003ffe8073        0x1 
 .data          0x000000003ffe8074        0x1 /opt/esp-open-sdk/sdk/lib/libphy.a(phy_chip_v6_cal.o)
                0x000000003ffe8074                rfcal_bb_atten_init
 *fill*         0x000000003ffe8075        0x3 
 .data          0x000000003ffe8078        0x4 /opt/esp-open-sdk/sdk/lib/libphy.a(phy_sleep.o)
                0x000000003ffe8078                chip_version
 .data          0x000000003ffe807c        0x1 /opt/esp-open-sdk/sdk/lib/libpp.a(pm.o)
 *fill*         0x000000003ffe807d        0x3 
 .data          0x000000003ffe8080        0x1 /opt/esp-open-sdk/sdk/lib/libpp.a(pm_for_bcn_only_mode.o)
 *fill*         0x000000003ffe8081        0x3 
 .data          0x000000003ffe8084       0x1c /opt/esp-open-sdk/sdk/lib/libpp.a(pp.o)
                0x000000003ffe8084                soft_wdt_interval
                0x000000003ffe8088                NoiseTimerInterval
                0x000000003ffe8090                sleep_start_wait_time
                0x000000003ffe8098                CanDoFreqCal
                0x000000003ffe809c                tcb
 .data          0x000000003ffe80a0       0x40 /opt/esp-open-sdk/sdk/lib/libpp.a(rate_control.o)
 .data          0x000000003ffe80e0      0x24c /opt/esp-open-sdk/sdk/lib/libpp.a(trc.o)
 .data          0x000000003ffe832c        0x8 /opt/esp-open-sdk/sdk/lib/libpp.a(wdev.o)
 .data          0x000000003ffe8334        0x1 /opt/esp-open-sdk/sdk/lib/libnet80211.a(ieee80211_hostap.o)
                0x000000003ffe8334                TmpSTAAPCloseAP
 *fill*         0x000000003ffe8335        0x3 
 .data          0x000000003ffe8338        0x1 /opt/esp-open-sdk/sdk/lib/libnet80211.a(wl_cnx.o)
 *fill*         0x000000003ffe8339        0x7 
 .data          0x000000003ffe8340       0x1c /opt/esp-open-sdk/sdk/lib/libnet80211.a(ieee80211_action.o)
 .data          0x000000003ffe835c        0x4 /opt/esp-open-sdk/sdk/lib/liblwip.a(dhcp.o)
 .data          0x000000003ffe8360        0x5 /opt/esp-open-sdk/sdk/lib/liblwip.a(dhcpserver.o)
                0x000000003ffe8360                dhcps_lease_time
 *fill*         0x000000003ffe8365        0x3 
 .data          0x000000003ffe8368        0x8 /opt/esp-open-sdk/sdk/lib/liblwip.a(tcp.o)
 *(.data.*)
 .data.cbc_printchar
                0x000000003ffe8370        0x4 /opt/Sming/Sming/compiler/lib//libsming.a(m_printf.o)
                0x000000003ffe8370                cbc_printchar
 .data.esp8266_gpioToFn
                0x000000003ffe8374       0x10 /opt/Sming/Sming/compiler/lib//libsming.a(Digital.o)
                0x000000003ffe8374                esp8266_gpioToFn
 *(.gnu.linkonce.d.*)
 *(.data1)
 *(.sdata)
 *(.sdata.*)
 *(.gnu.linkonce.s.*)
 *(.sdata2)
 *(.sdata2.*)
 *(.gnu.linkonce.s2.*)
 *(.jcr)
                0x000000003ffe8384                _data_end = ABSOLUTE (.)

.rodata         0x000000003ffe8390     0x11b8
                0x000000003ffe8390                _rodata_start = ABSOLUTE (.)
 *(.sdk.version)
 .sdk.version   0x000000003ffe8390        0xf /opt/esp-open-sdk/sdk/lib/libmain.a(app_main.o)
                0x000000003ffe8390                SDK_VERSION
 *(.rodata)
 *fill*         0x000000003ffe839f        0x1 
 .rodata        0x000000003ffe83a0       0x34 /opt/Sming/Sming/compiler/lib//libsming.a(gdbstub.o)
 *fill*         0x000000003ffe83d4        0x4 
 .rodata        0x000000003ffe83d8      0x158 /opt/Sming/Sming/compiler/lib//libmicroc.a(__rem_pio2_large.o)
 .rodata        0x000000003ffe8530        0x8 /opt/esp-open-sdk/sdk/lib/libphy.a(phy_chip_v6.o)
 .rodata        0x000000003ffe8538        0x4 /opt/esp-open-sdk/sdk/lib/libpp.a(pp.o)
 .rodata        0x000000003ffe853c        0x8 /opt/esp-open-sdk/sdk/lib/libnet80211.a(ieee80211_hostap.o)
 .rodata        0x000000003ffe8544        0x9 /opt/esp-open-sdk/sdk/lib/libnet80211.a(ieee80211_output.o)
 *fill*         0x000000003ffe854d        0x3 
 .rodata        0x000000003ffe8550        0x6 /opt/esp-open-sdk/sdk/lib/liblwip.a(etharp.o)
                0x000000003ffe8550                ethbroadcast
 *fill*         0x000000003ffe8556        0xa 
 .rodata        0x000000003ffe8560       0x74 /opt/esp-open-sdk/sdk/lib/liblwip.a(espconn_buf.o)
 *(.rodata.*)
 .rodata.str1.4
                0x000000003ffe85d4        0xc /opt/esp-open-sdk/sdk/lib/libmain.a(app_main.o)
 .rodata.str1.4
                0x000000003ffe85e0        0x4 /opt/esp-open-sdk/sdk/lib/libmain.a(ets_timer.o)
                                          0xc (size before relaxing)
 .rodata.str1.4
                0x000000003ffe85e4       0x1a /opt/esp-open-sdk/sdk/lib/libmain.a(mem_manager.o)
 .rodata.str1.1
                0x000000003ffe85fe       0xe2 /opt/Sming/Sming/compiler/lib//libsming.a(crash_handler.o)
                                        0x124 (size before relaxing)
 .rodata._ZL14EspDigitalPins
                0x000000003ffe86e0       0xc0 /opt/Sming/Sming/compiler/lib//libsming.a(user_main.o)
 .rodata._ZTV6VectorI8DelegateIFvvEEE
                0x000000003ffe87a0       0x1c /opt/Sming/Sming/compiler/lib//libsming.a(System.o)
                0x000000003ffe87a0                _ZTV6VectorI8DelegateIFvvEEE
 *fill*         0x000000003ffe87bc        0x4 
 .rodata._ZTV6VectorIP19ISystemReadyHandlerE
                0x000000003ffe87c0       0x1c /opt/Sming/Sming/compiler/lib//libsming.a(System.o)
                0x000000003ffe87c0                _ZTV6VectorIP19ISystemReadyHandlerE
 .rodata.str1.1
                0x000000003ffe87dc      0x157 /opt/Sming/Sming/compiler/lib//libsming.a(gdbstub.o)
                                        0x19b (size before relaxing)
 .rodata.str1.1
                0x000000003ffe8933       0x41 /opt/Sming/Sming/compiler/lib//libsming.a(esp_cplusplus.o)
 .rodata.str1.1
                0x000000003ffe8974        0x7 /opt/Sming/Sming/compiler/lib//libsming.a(m_printf.o)
 .rodata.str1.1
                0x000000003ffe897b        0xf /opt/Sming/Sming/compiler/lib//libsming.a(IPAddress.o)
                                         0x10 (size before relaxing)
 *fill*         0x000000003ffe898a        0x6 
 .rodata._ZTV9IPAddress
                0x000000003ffe8990        0xc /opt/Sming/Sming/compiler/lib//libsming.a(IPAddress.o)
                0x000000003ffe8990                _ZTV9IPAddress
 .rodata.str1.1
                0x000000003ffe899c       0x21 /opt/Sming/Sming/compiler/lib//libsming.a(stringconversion.o)
 .rodata.str1.1
                0x000000003ffe89bd      0x18e out/build/app_app.a(application.o)
 *fill*         0x000000003ffe8b4b        0x5 
 .rodata._ZTV15IDelegateCallerIvIEE
                0x000000003ffe8b50       0x14 out/build/app_app.a(application.o)
                0x000000003ffe8b50                _ZTV15IDelegateCallerIvIEE
 *fill*         0x000000003ffe8b64        0x4 
 .rodata._ZTV14FunctionCallerIPFvvEvIEE
                0x000000003ffe8b68       0x14 out/build/app_app.a(application.o)
                0x000000003ffe8b68                _ZTV14FunctionCallerIPFvvEvIEE
 *fill*         0x000000003ffe8b7c        0x4 
 .rodata._ZTV15IDelegateCallerIvIR9NtpClientlEE
                0x000000003ffe8b80       0x14 out/build/app_app.a(application.o)
                0x000000003ffe8b80                _ZTV15IDelegateCallerIvIR9NtpClientlEE
 *fill*         0x000000003ffe8b94        0x4 
 .rodata._ZTV14FunctionCallerIPFvR9NtpClientlEvIS1_lEE
                0x000000003ffe8b98       0x14 out/build/app_app.a(application.o)
                0x000000003ffe8b98                _ZTV14FunctionCallerIPFvR9NtpClientlEvIS1_lEE
 .rodata.str1.1
                0x000000003ffe8bac        0xc /opt/Sming/Sming/compiler/lib//libmicroc.a(abort.o)
 .rodata.str1.4
                0x000000003ffe8bb8        0x4 /opt/esp-open-sdk/sdk/lib/libpp.a(lmac.o)
                                          0xc (size before relaxing)
 .rodata.str1.4
                0x000000003ffe8bbc        0x3 /opt/esp-open-sdk/sdk/lib/libpp.a(pm.o)
                                          0xb (size before relaxing)
 *fill*         0x000000003ffe8bbf        0x1 
 .rodata.str1.4
                0x000000003ffe8bc0        0x4 /opt/esp-open-sdk/sdk/lib/libpp.a(pm_for_bcn_only_mode.o)
                                          0xc (size before relaxing)
 .rodata.str1.4
                0x000000003ffe8bc4        0x8 /opt/esp-open-sdk/sdk/lib/libpp.a(pp.o)
                                         0x10 (size before relaxing)
 .rodata.str1.4
                0x000000003ffe8bcc        0x4 /opt/esp-open-sdk/sdk/lib/libpp.a(wdev.o)
                                          0xc (size before relaxing)
 .rodata.str1.4
                0x000000003ffe8bd0        0x3 /opt/esp-open-sdk/sdk/lib/libnet80211.a(ieee80211_hostap.o)
                                          0x8 (size before relaxing)
 *fill*         0x000000003ffe8bd3        0x1 
 .rodata.str1.4
                0x000000003ffe8bd4        0x7 /opt/esp-open-sdk/sdk/lib/libnet80211.a(ieee80211_mesh_quick.o)
 .rodata.str1.4
                0x000000003ffe8bdb        0x4 /opt/esp-open-sdk/sdk/lib/libnet80211.a(ieee80211_sta.o)
 .rodata.str1.4
                0x000000003ffe8bdb        0x4 /opt/esp-open-sdk/sdk/lib/libnet80211.a(ieee80211_action_vendor.o)
 .rodata.str1.4
                0x000000003ffe8bdb        0x4 /opt/esp-open-sdk/sdk/lib/libnet80211.a(ieee80211_ie_vendor.o)
 .rodata.str1.4
                0x000000003ffe8bdb        0x7 /opt/esp-open-sdk/sdk/lib/liblwip.a(espconn_tcp.o)
                                          0x1 (size before relaxing)
 *fill*         0x000000003ffe8bdb        0x1 
 .rodata.str1.4
                0x000000003ffe8bdc       0x10 /opt/esp-open-sdk/sdk/lib/libwpa.a(wpa_debug.o)
                                          0xd (size before relaxing)
 *fill*         0x000000003ffe8bec        0x4 
 .rodata._ZTV14HardwareSerial
                0x000000003ffe8bf0       0x20 /opt/Sming/Sming/compiler/lib//libsming.a(HardwareSerial.o)
                0x000000003ffe8bf0                _ZTV14HardwareSerial
 .rodata._ZTV11SPISettings
                0x000000003ffe8c10       0x10 /opt/Sming/Sming/compiler/lib//libsming.a(SPISettings.o)
                0x000000003ffe8c10                _ZTV11SPISettings
 .rodata.str1.1
                0x000000003ffe8c20       0x13 /opt/Sming/Sming/compiler/lib//libsming.a(SystemClock.o)
 .rodata.str1.1
                0x000000003ffe8c33       0x39 /opt/Sming/Sming/compiler/lib//libsming.a(SPI.o)
 *fill*         0x000000003ffe8c6c        0x4 
 .rodata._ZTV8SPIClass
                0x000000003ffe8c70       0x30 /opt/Sming/Sming/compiler/lib//libsming.a(SPI.o)
                0x000000003ffe8c70                _ZTV8SPIClass
 .rodata.str1.1
                0x000000003ffe8ca0       0x1d /opt/Sming/Sming/compiler/lib//libsming.a(NtpClient.o)
                                         0x2a (size before relaxing)
 *fill*         0x000000003ffe8cbd        0x3 
 .rodata._ZTV9NtpClient
                0x000000003ffe8cc0       0x28 /opt/Sming/Sming/compiler/lib//libsming.a(NtpClient.o)
                0x000000003ffe8cc0                _ZTV9NtpClient
 .rodata._ZTV12MethodCallerIM9NtpClientFvvEE
                0x000000003ffe8ce8       0x14 /opt/Sming/Sming/compiler/lib//libsming.a(NtpClient.o)
                0x000000003ffe8ce8                _ZTV12MethodCallerIM9NtpClientFvvEE
 .rodata.str1.1
                0x000000003ffe8cfc       0x13 /opt/Sming/Sming/compiler/lib//libsming.a(RTC.o)
 .rodata.str1.1
                0x000000003ffe8d0f      0x2b6 /opt/Sming/Sming/compiler/lib//libsming.a(Station.o)
                                        0x2c2 (size before relaxing)
 *fill*         0x000000003ffe8fc5        0x3 
 .rodata._ZTV19ISystemReadyHandler
                0x000000003ffe8fc8       0x14 /opt/Sming/Sming/compiler/lib//libsming.a(Station.o)
                0x000000003ffe8fc8                _ZTV19ISystemReadyHandler
 *fill*         0x000000003ffe8fdc        0x4 
 .rodata._ZTV12StationClass
                0x000000003ffe8fe0       0x14 /opt/Sming/Sming/compiler/lib//libsming.a(Station.o)
                0x000000003ffe8fe0                _ZTV12StationClass
 *fill*         0x000000003ffe8ff4        0x4 
 .rodata._ZTV6VectorI7BssInfoE
                0x000000003ffe8ff8       0x1c /opt/Sming/Sming/compiler/lib//libsming.a(Station.o)
                0x000000003ffe8ff8                _ZTV6VectorI7BssInfoE
 .rodata._ZL9monthDays
                0x000000003ffe9014        0xc /opt/Sming/Sming/compiler/lib//libsming.a(DateTime.o)
 .rodata._ZTV7SPIBase
                0x000000003ffe9020       0x2c /opt/Sming/Sming/compiler/lib//libsming.a(SPIBase.o)
                0x000000003ffe9020                _ZTV7SPIBase
 .rodata.str1.1
                0x000000003ffe904c       0x59 /opt/Sming/Sming/compiler/lib//libsming.a(UdpConnection.o)
 *fill*         0x000000003ffe90a5        0x3 
 .rodata._ZTV13UdpConnection
                0x000000003ffe90a8       0x28 /opt/Sming/Sming/compiler/lib//libsming.a(UdpConnection.o)
                0x000000003ffe90a8                _ZTV13UdpConnection
 .rodata._ZTV8WDTClass
                0x000000003ffe90d0       0x14 /opt/Sming/Sming/compiler/lib//libsming.a(WDT.o)
                0x000000003ffe90d0                _ZTV8WDTClass
 .rodata.str1.1
                0x000000003ffe90e4      0x3b7 /opt/Sming/Sming/compiler/lib//libsming.a(CommandHandler.o)
                                        0x3bb (size before relaxing)
 .rodata.str1.1
                0x000000003ffe949b        0x1 /opt/Sming/Sming/compiler/lib//libsming.a(CommandDelegate.o)
 *(.gnu.linkonce.r.*)
 *(.rodata1)
                0x000000003ffe949c                __XT_EXCEPTION_TABLE__ = ABSOLUTE (.)
 *(.xt_except_table)
 *(.gcc_except_table)
 *(.gnu.linkonce.e.*)
 *(.gnu.version_r)
 *(.eh_frame)
                0x000000003ffe949c                . = ((. + 0x3) & 0xfffffffffffffffc)
 *fill*         0x000000003ffe949b        0x1 
                0x000000003ffe949c                __dso_handle = ABSOLUTE (.)
                0x000000003ffe949c                __init_array_start = ABSOLUTE (.)
 *crtbegin.o(.ctors)
 *(EXCLUDE_FILE(*crtend.o) .ctors)
 .ctors         0x000000003ffe949c        0x4 /opt/Sming/Sming/compiler/lib//libsming.a(user_main.o)
 .ctors         0x000000003ffe94a0        0x4 /opt/Sming/Sming/compiler/lib//libsming.a(System.o)
 .ctors         0x000000003ffe94a4        0x4 /opt/Sming/Sming/compiler/lib//libsming.a(IPAddress.o)
 .ctors         0x000000003ffe94a8        0x4 /opt/Sming/Sming/compiler/lib//libsming.a(Interrupts.o)
 .ctors         0x000000003ffe94ac        0x4 /opt/Sming/Sming/compiler/lib//libsming.a(WString.o)
 .ctors         0x000000003ffe94b0        0x4 /opt/Sming/Sming/compiler/lib//libsming.a(Print.o)
 .ctors         0x000000003ffe94b4        0x4 /opt/Sming/Sming/compiler/lib//libsming.a(Digital.o)
 .ctors         0x000000003ffe94b8        0x4 out/build/app_app.a(application.o)
 .ctors         0x000000003ffe94bc        0x4 /opt/Sming/Sming/compiler/lib//libsming.a(HardwareSerial.o)
 .ctors         0x000000003ffe94c0        0x4 /opt/Sming/Sming/compiler/lib//libsming.a(SystemClock.o)
 .ctors         0x000000003ffe94c4        0x4 /opt/Sming/Sming/compiler/lib//libsming.a(SPI.o)
 .ctors         0x000000003ffe94c8        0x4 /opt/Sming/Sming/compiler/lib//libsming.a(NtpClient.o)
 .ctors         0x000000003ffe94cc        0x4 /opt/Sming/Sming/compiler/lib//libsming.a(RTC.o)
 .ctors         0x000000003ffe94d0        0x4 /opt/Sming/Sming/compiler/lib//libsming.a(Station.o)
 .ctors         0x000000003ffe94d4        0x4 /opt/Sming/Sming/compiler/lib//libsming.a(DateTime.o)
 .ctors         0x000000003ffe94d8        0x4 /opt/Sming/Sming/compiler/lib//libsming.a(CommandExecutor.o)
 .ctors         0x000000003ffe94dc        0x4 /opt/Sming/Sming/compiler/lib//libsming.a(uart.o)
 .ctors         0x000000003ffe94e0        0x4 /opt/Sming/Sming/compiler/lib//libsming.a(Clock.o)
 .ctors         0x000000003ffe94e4        0x4 /opt/Sming/Sming/compiler/lib//libsming.a(UdpConnection.o)
 .ctors         0x000000003ffe94e8        0x4 /opt/Sming/Sming/compiler/lib//libsming.a(WebSocket.o)
 .ctors         0x000000003ffe94ec        0x4 /opt/Sming/Sming/compiler/lib//libsming.a(HttpResponse.o)
 .ctors         0x000000003ffe94f0        0x4 /opt/Sming/Sming/compiler/lib//libsming.a(TcpConnection.o)
 .ctors         0x000000003ffe94f4        0x4 /opt/Sming/Sming/compiler/lib//libsming.a(HttpRequest.o)
 .ctors         0x000000003ffe94f8        0x4 /opt/Sming/Sming/compiler/lib//libsming.a(HttpServer.o)
 .ctors         0x000000003ffe94fc        0x4 /opt/Sming/Sming/compiler/lib//libsming.a(WDT.o)
 .ctors         0x000000003ffe9500        0x4 /opt/Sming/Sming/compiler/lib//libsming.a(CommandHandler.o)
 .ctors         0x000000003ffe9504        0x4 /opt/Sming/Sming/compiler/lib//libsming.a(CommandOutput.o)
 .ctors         0x000000003ffe9508        0x4 /opt/Sming/Sming/compiler/lib//libsming.a(CommandDelegate.o)
 .ctors         0x000000003ffe950c        0x4 /opt/Sming/Sming/compiler/lib//libsming.a(DataSourceStream.o)
 .ctors         0x000000003ffe9510        0x4 /opt/Sming/Sming/compiler/lib//libsming.a(TcpServer.o)
 .ctors         0x000000003ffe9514        0x4 /opt/Sming/Sming/compiler/lib//libsming.a(HttpServerConnection.o)
 .ctors         0x000000003ffe9518        0x4 /opt/Sming/Sming/compiler/lib//libsming.a(TcpClient.o)
 .ctors         0x000000003ffe951c        0x4 /opt/Sming/Sming/compiler/lib//libsming.a(ArduinoJson.o)
 *(SORT(.ctors.*))
 *(.ctors)
                0x000000003ffe9520                __init_array_end = ABSOLUTE (.)
 *crtbegin.o(.dtors)
 *(EXCLUDE_FILE(*crtend.o) .dtors)
 .dtors         0x000000003ffe9520        0x4 /opt/Sming/Sming/compiler/lib//libsming.a(System.o)
 .dtors         0x000000003ffe9524        0x4 /opt/Sming/Sming/compiler/lib//libsming.a(Interrupts.o)
 .dtors         0x000000003ffe9528        0x4 out/build/app_app.a(application.o)
 .dtors         0x000000003ffe952c        0x4 /opt/Sming/Sming/compiler/lib//libsming.a(HardwareSerial.o)
 .dtors         0x000000003ffe9530        0x4 /opt/Sming/Sming/compiler/lib//libsming.a(SPI.o)
 .dtors         0x000000003ffe9534        0x4 /opt/Sming/Sming/compiler/lib//libsming.a(Station.o)
 .dtors         0x000000003ffe9538        0x4 /opt/Sming/Sming/compiler/lib//libsming.a(WDT.o)
 .dtors         0x000000003ffe953c        0x4 /opt/Sming/Sming/compiler/lib//libsming.a(CommandHandler.o)
 *(SORT(.dtors.*))
 *(.dtors)
                0x000000003ffe9540                __XT_EXCEPTION_DESCS__ = ABSOLUTE (.)
 *(.xt_except_desc)
 *(.gnu.linkonce.h.*)
                0x000000003ffe9540                __XT_EXCEPTION_DESCS_END__ = ABSOLUTE (.)
 *(.xt_except_desc_end)
 *(.dynamic)
 *(.gnu.version_d)
                0x000000003ffe9540                . = ALIGN (0x4)
                0x000000003ffe9540                _bss_table_start = ABSOLUTE (.)
                0x000000003ffe9540        0x4 LONG 0x3ffe9548 _bss_start
                0x000000003ffe9544        0x4 LONG 0x3ffefd10 _bss_end
                0x000000003ffe9548                _bss_table_end = ABSOLUTE (.)
                0x000000003ffe9548                _rodata_end = ABSOLUTE (.)

.bss            0x000000003ffe9548     0x67c8
                0x000000003ffe9548                . = ALIGN (0x8)
                0x000000003ffe9548                _bss_start = ABSOLUTE (.)
 *(.dynsbss)
 *(.sbss)
 *(.sbss.*)
 *(.gnu.linkonce.sb.*)
 *(.scommon)
 *(.sbss2)
 *(.sbss2.*)
 *(.gnu.linkonce.sb2.*)
 *(.dynbss)
 *(.bss)
 *fill*         0x000000003ffe9548        0x8 
 .bss           0x000000003ffe9550      0x1c0 /opt/esp-open-sdk/sdk/lib/libmain.a(nmi-vector.o)
 .bss           0x000000003ffe9710       0x45 /opt/esp-open-sdk/sdk/lib/libmain.a(app_main.o)
                0x000000003ffe9714                info
                0x000000003ffe9738                freq_trace_enable
                0x000000003ffe973a                lwip_timer_interval
                0x000000003ffe973c                check_timeouts_timer
                0x000000003ffe9750                rf_cal_sec
                0x000000003ffe9754                user_init_flag
 *fill*         0x000000003ffe9755        0xb 
 .bss           0x000000003ffe9760       0x30 /opt/esp-open-sdk/sdk/lib/libmain.a(ets_timer.o)
                0x000000003ffe9760                dbg_timer_flag
                0x000000003ffe9764                timer_list
                0x000000003ffe9768                debug_timer
                0x000000003ffe976c                debug_timerfn
 .bss           0x000000003ffe9790       0x3c /opt/esp-open-sdk/sdk/lib/libmain.a(mem_manager.o)
 .bss           0x000000003ffe97cc        0x4 /opt/esp-open-sdk/sdk/lib/libmain.a(spi_flash.o)
                0x000000003ffe97cc                flash_read
 .bss           0x000000003ffe97d0      0x242 /opt/esp-open-sdk/sdk/lib/libmain.a(user_interface.o)
                0x000000003ffe98c7                deep_sleep_flag
                0x000000003ffe98c8                cpu_overclock
                0x000000003ffe98cc                event_cb
                0x000000003ffe98d0                status_led_output_level
                0x000000003ffe98d4                done_cb
                0x000000003ffe98d8                rst_if
                0x000000003ffe98f4                default_interface
                0x000000003ffe98f5                OpmodChgIsOnGoing
                0x000000003ffe98f8                promiscuous_cb
                0x000000003ffe9910                event_TaskQueue
 *fill*         0x000000003ffe9a12        0x2 
 .bss           0x000000003ffe9a14        0xc /opt/esp-open-sdk/sdk/lib/libmain.a(eagle_lwip_if.o)
                0x000000003ffe9a14                hostname
 .bss           0x000000003ffe9a20        0x4 /opt/esp-open-sdk/sdk/lib/libphy.a(phy.o)
 .bss           0x000000003ffe9a24        0x2 /opt/esp-open-sdk/sdk/lib/libphy.a(phy_chip_v6_ana.o)
                0x000000003ffe9a24                tout_dis_txpwr_track
                0x000000003ffe9a25                sleep_mode_flag
 *fill*         0x000000003ffe9a26        0x2 
 .bss           0x000000003ffe9a28      0x153 /opt/esp-open-sdk/sdk/lib/libphy.a(phy_chip_v6.o)
                0x000000003ffe9a28                g_phyFuns
                0x000000003ffe9a2c                rxiq_compute_num
                0x000000003ffe9a30                rx_table_renew_en
                0x000000003ffe9a34                check_result
                0x000000003ffe9a38                chip6_sleep_params
                0x000000003ffe9acc                chip6_phy_init_ctrl
                0x000000003ffe9b40                phy_freq_offset
                0x000000003ffe9b42                do_pwctrl_flag
                0x000000003ffe9b43                txbk_dpdby_flag
                0x000000003ffe9b45                sw_scan_mode
                0x000000003ffe9b46                rxmax_ext_level
                0x000000003ffe9b48                phy_rx_gain_dc_table
                0x000000003ffe9b5c                periodic_cal_flag
                0x000000003ffe9b5d                bbpll_cal_flag
                0x000000003ffe9b5e                phy_in_most_power
                0x000000003ffe9b5f                init_rf_no_cal
                0x000000003ffe9b60                test_print_time
                0x000000003ffe9b64                phy_in_vdd33_offset
                0x000000003ffe9b65                phy_set_most_tpw_disbg
                0x000000003ffe9b66                phy_set_most_tpw_index
                0x000000003ffe9b68                adc_rand_noise
                0x000000003ffe9b6c                phy_rx_gain_dc_flag
                0x000000003ffe9b6d                dpd_bypass_original
                0x000000003ffe9b6e                phy_txpwr_diff_flash
                0x000000003ffe9b70                noise_array
 *fill*         0x000000003ffe9b7b        0x1 
 .bss           0x000000003ffe9b7c        0x9 /opt/esp-open-sdk/sdk/lib/libphy.a(phy_chip_v6_cal.o)
                0x000000003ffe9b7c                phy_tx_power_out
                0x000000003ffe9b7e                phy_tx_pwr_error
                0x000000003ffe9b80                tx_pwctrl_track_num
                0x000000003ffe9b81                rxiq_cover_fail_num
                0x000000003ffe9b82                phy_meas_freq_offset
                0x000000003ffe9b84                tx_pwctrl_pk_num
 *fill*         0x000000003ffe9b85        0x3 
 .bss           0x000000003ffe9b88        0x7 /opt/esp-open-sdk/sdk/lib/libphy.a(phy_sleep.o)
                0x000000003ffe9b88                periodic_cal_sat
                0x000000003ffe9b8a                lslp_mem_opt_8266
                0x000000003ffe9b8c                software_slp_reject
                0x000000003ffe9b8d                SDIO_slp_reject
                0x000000003ffe9b8e                hardware_reject
 *fill*         0x000000003ffe9b8f        0x1 
 .bss           0x000000003ffe9b90       0x40 /opt/esp-open-sdk/sdk/lib/libpp.a(if_hwctrl.o)
                0x000000003ffe9b90                interface_mask
                0x000000003ffe9bb0                if_ctrl
 .bss           0x000000003ffe9bd0      0x150 /opt/esp-open-sdk/sdk/lib/libpp.a(lmac.o)
                0x000000003ffe9bd4                lmacConfMib
                0x000000003ffe9bf8                our_tx_eb
 .bss           0x000000003ffe9d20      0x12a /opt/esp-open-sdk/sdk/lib/libpp.a(pm.o)
                0x000000003ffe9d20                pmc
 *fill*         0x000000003ffe9e4a        0x2 
 .bss           0x000000003ffe9e4c       0x38 /opt/esp-open-sdk/sdk/lib/libpp.a(pm_for_bcn_only_mode.o)
 *fill*         0x000000003ffe9e84        0xc 
 .bss           0x000000003ffe9e90      0x322 /opt/esp-open-sdk/sdk/lib/libpp.a(pp.o)
                0x000000003ffe9ea8                pend_flag_noise_check
                0x000000003ffe9eb0                pend_flag_periodic_cal
                0x000000003ffe9ec8                idle_timer_reopen_flag
                0x000000003ffe9eca                dbg_stop_sw_wdt
                0x000000003ffe9ecb                dbg_stop_hw_wdt
                0x000000003ffe9ecd                total_buffed_eb_num
                0x000000003ffe9ed0                HighestFreqOffsetInOneChk
                0x000000003ffe9ed2                LowestFreqOffsetInOneChk
                0x000000003ffe9ed4                DefFreqCalTimer
                0x000000003ffe9ee8                PktNumInOneChk
                0x000000003ffea070                buffed_eb_arr
 *fill*         0x000000003ffea1b2        0xe 
 .bss           0x000000003ffea1c0      0x100 /opt/esp-open-sdk/sdk/lib/libpp.a(rate_control.o)
 .bss           0x000000003ffea2c0      0x46c /opt/esp-open-sdk/sdk/lib/libpp.a(trc.o)
 *fill*         0x000000003ffea72c        0x4 
 .bss           0x000000003ffea730     0x2f88 /opt/esp-open-sdk/sdk/lib/libpp.a(wdev.o)
                0x000000003ffea730                wDevCtrl
                0x000000003ffea8d8                WdevTimOffSet
 *fill*         0x000000003ffed6b8        0x8 
 .bss           0x000000003ffed6c0      0xaa4 /opt/esp-open-sdk/sdk/lib/libpp.a(esf_buf.o)
 .bss           0x000000003ffee164      0x6a8 /opt/esp-open-sdk/sdk/lib/libnet80211.a(ieee80211.o)
                0x000000003ffee164                g_ic
 *fill*         0x000000003ffee80c        0x4 
 .bss           0x000000003ffee810       0x54 /opt/esp-open-sdk/sdk/lib/libnet80211.a(ieee80211_hostap.o)
                0x000000003ffee810                BcnEb_update
                0x000000003ffee81d                BcnWithMcastSendStart
                0x000000003ffee81e                BcnWithMcastSendCnt
                0x000000003ffee838                PendFreeBcnEb
                0x000000003ffee83c                ApFreqCalTimer
                0x000000003ffee850                APRecvBcnStartTick
 .bss           0x000000003ffee864       0xc8 /opt/esp-open-sdk/sdk/lib/libnet80211.a(ieee80211_scan.o)
                0x000000003ffee864                gScanStruct
                0x000000003ffee910                connect_scan_flag
                0x000000003ffee911                FreqCalCntForScan
                0x000000003ffee912                TestStaFreqCalValInput
                0x000000003ffee914                auth_type
                0x000000003ffee916                scannum
 *fill*         0x000000003ffee92c        0x4 
 .bss           0x000000003ffee930       0x28 /opt/esp-open-sdk/sdk/lib/libnet80211.a(ieee80211_sta.o)
 .bss           0x000000003ffee958       0x3c /opt/esp-open-sdk/sdk/lib/libnet80211.a(wl_chm.o)
 *fill*         0x000000003ffee994        0x4 
 .bss           0x000000003ffee998      0x394 /opt/esp-open-sdk/sdk/lib/libnet80211.a(wl_cnx.o)
                0x000000003ffeecf8                sta_con_timer
                0x000000003ffeed0c                backup_ni_connect_status
                0x000000003ffeed10                g_cnx_probe_rc_list_cb
                0x000000003ffeed14                reconnect_flag
                0x000000003ffeed15                no_ap_found_index
 *fill*         0x000000003ffeed2c        0x4 
 .bss           0x000000003ffeed30       0x18 /opt/esp-open-sdk/sdk/lib/libnet80211.a(ieee80211_action_vendor.o)
 *fill*         0x000000003ffeed48        0x8 
 .bss           0x000000003ffeed50       0x38 /opt/esp-open-sdk/sdk/lib/liblwip.a(dhcp.o)
                0x000000003ffeed50                dhcp_rx_options_given
                0x000000003ffeed60                dhcp_rx_options_val
 .bss           0x000000003ffeed88       0x24 /opt/esp-open-sdk/sdk/lib/liblwip.a(dhcpserver.o)
 *fill*         0x000000003ffeedac        0x4 
 .bss           0x000000003ffeedb0      0x480 /opt/esp-open-sdk/sdk/lib/liblwip.a(dns.o)
 .bss           0x000000003ffef230       0x78 /opt/esp-open-sdk/sdk/lib/liblwip.a(espconn_tcp.o)
                0x000000003ffef230                espconn_TaskQueue
 *fill*         0x000000003ffef2a8        0x8 
 .bss           0x000000003ffef2b0      0x100 /opt/esp-open-sdk/sdk/lib/liblwip.a(etharp.o)
                0x000000003ffef2b4                ethzero
 .bss           0x000000003ffef3b0       0x10 /opt/esp-open-sdk/sdk/lib/liblwip.a(ip_addr.o)
 .bss           0x000000003ffef3c0       0x12 /opt/esp-open-sdk/sdk/lib/liblwip.a(ip.o)
                0x000000003ffef3c0                current_iphdr_dest
                0x000000003ffef3c4                current_iphdr_src
                0x000000003ffef3c8                current_netif
                0x000000003ffef3cc                current_header
 *fill*         0x000000003ffef3d2        0x2 
 .bss           0x000000003ffef3d4        0x9 /opt/esp-open-sdk/sdk/lib/liblwip.a(netif.o)
                0x000000003ffef3d4                netif_list
                0x000000003ffef3d8                netif_default
 *fill*         0x000000003ffef3dd        0x3 
 .bss           0x000000003ffef3e0        0x4 /opt/esp-open-sdk/sdk/lib/liblwip.a(raw.o)
 .bss           0x000000003ffef3e4       0x34 /opt/esp-open-sdk/sdk/lib/liblwip.a(tcp_in.o)
                0x000000003ffef414                tcp_input_pcb
 .bss           0x000000003ffef418       0x1c /opt/esp-open-sdk/sdk/lib/liblwip.a(tcp.o)
                0x000000003ffef41c                tcp_active_pcbs
                0x000000003ffef420                tcp_tmp_pcb
                0x000000003ffef424                tcp_tw_pcbs
                0x000000003ffef428                tcp_bound_pcbs
                0x000000003ffef42c                tcp_listen_pcbs
                0x000000003ffef430                tcp_ticks
 .bss           0x000000003ffef434        0xc /opt/esp-open-sdk/sdk/lib/liblwip.a(timers.o)
 .bss           0x000000003ffef440        0x4 /opt/esp-open-sdk/sdk/lib/liblwip.a(udp.o)
                0x000000003ffef440                udp_pcbs
 *fill*         0x000000003ffef444        0xc 
 .bss           0x000000003ffef450      0x104 /opt/esp-open-sdk/sdk/lib/liblwip.a(espconn.o)
                0x000000003ffef450                plink_active
                0x000000003ffef454                pserver_list
                0x000000003ffef460                premot
                0x000000003ffef520                pktinfo
 .bss           0x000000003ffef554        0xc /opt/esp-open-sdk/sdk/lib/liblwip.a(igmp.o)
 .bss           0x000000003ffef560      0x26a /opt/esp-open-sdk/sdk/lib/libwpa.a(wpa.o)
 *fill*         0x000000003ffef7ca        0x6 
 .bss           0x000000003ffef7d0        0x8 /opt/esp-open-sdk/sdk/lib/libnet80211.a(ieee80211_crypto_tkip.o)
 *(.bss.*)
 .bss._ZL5ESP01
                0x000000003ffef7d8       0x30 /opt/Sming/Sming/compiler/lib//libsming.a(user_main.o)
 .bss._ZL11INADDR_NONE
                0x000000003ffef808        0x8 /opt/Sming/Sming/compiler/lib//libsming.a(user_main.o)
 .bss.System    0x000000003ffef810       0x2c /opt/Sming/Sming/compiler/lib//libsming.a(System.o)
                0x000000003ffef810                System
 .bss.cbc_printchar_uart
                0x000000003ffef83c        0x4 /opt/Sming/Sming/compiler/lib//libsming.a(m_printf.o)
                0x000000003ffef83c                cbc_printchar_uart
 .bss._ZL5ESP01
                0x000000003ffef840       0x30 /opt/Sming/Sming/compiler/lib//libsming.a(IPAddress.o)
 .bss._ZL11INADDR_NONE
                0x000000003ffef870        0x8 /opt/Sming/Sming/compiler/lib//libsming.a(IPAddress.o)
 .bss._delegateFunctionList
                0x000000003ffef878       0x40 /opt/Sming/Sming/compiler/lib//libsming.a(Interrupts.o)
                0x000000003ffef878                _delegateFunctionList
 .bss._ZL11INADDR_NONE
                0x000000003ffef8b8        0x8 /opt/Sming/Sming/compiler/lib//libsming.a(Interrupts.o)
 .bss._ZL14interruptState
                0x000000003ffef8c0        0x4 /opt/Sming/Sming/compiler/lib//libsming.a(xt_interrupts.o)
 .bss._ZZN6StringixEjE19dummy_writable_char
                0x000000003ffef8c4        0x1 /opt/Sming/Sming/compiler/lib//libsming.a(WString.o)
 *fill*         0x000000003ffef8c5        0x3 
 .bss._ZL11INADDR_NONE
                0x000000003ffef8c8        0x8 /opt/Sming/Sming/compiler/lib//libsming.a(WString.o)
 .bss._ZL11INADDR_NONE
                0x000000003ffef8d0        0x8 /opt/Sming/Sming/compiler/lib//libsming.a(Print.o)
 .bss._ZL11INADDR_NONE
                0x000000003ffef8d8        0x8 /opt/Sming/Sming/compiler/lib//libsming.a(Digital.o)
 .bss.f_ntpClient
                0x000000003ffef8e0       0xb0 out/build/app_app.a(application.o)
                0x000000003ffef8e0                f_ntpClient
 .bss.f_UpdateTimeNTP
                0x000000003ffef990        0x4 out/build/app_app.a(application.o)
                0x000000003ffef990                f_UpdateTimeNTP
 *fill*         0x000000003ffef994        0x4 
 .bss.f_TimerSPI
                0x000000003ffef998       0x30 out/build/app_app.a(application.o)
                0x000000003ffef998                f_TimerSPI
 .bss.f_SunSet  0x000000003ffef9c8       0x28 out/build/app_app.a(application.o)
                0x000000003ffef9c8                f_SunSet
 .bss.f_spi     0x000000003ffef9f0       0x2c out/build/app_app.a(application.o)
                0x000000003ffef9f0                f_spi
 .bss.f_spiSetting
                0x000000003ffefa1c        0xc out/build/app_app.a(application.o)
                0x000000003ffefa1c                f_spiSetting
 .bss._ZL5ESP01
                0x000000003ffefa28       0x30 out/build/app_app.a(application.o)
 .bss._ZL11INADDR_NONE
                0x000000003ffefa58        0x8 out/build/app_app.a(application.o)
 .bss.Serial    0x000000003ffefa60       0x1c /opt/Sming/Sming/compiler/lib//libsming.a(HardwareSerial.o)
                0x000000003ffefa60                Serial
 .bss._ZN14HardwareSerial4initE
                0x000000003ffefa7c        0x1 /opt/Sming/Sming/compiler/lib//libsming.a(HardwareSerial.o)
                0x000000003ffefa7c                _ZN14HardwareSerial4initE
 *fill*         0x000000003ffefa7d        0x3 
 .bss._ZN14HardwareSerial10memberDataE
                0x000000003ffefa80       0x18 /opt/Sming/Sming/compiler/lib//libsming.a(HardwareSerial.o)
                0x000000003ffefa80                _ZN14HardwareSerial10memberDataE
 .bss._ZL11INADDR_NONE
                0x000000003ffefa98        0x8 /opt/Sming/Sming/compiler/lib//libsming.a(HardwareSerial.o)
 .bss.SystemClock
                0x000000003ffefaa0       0x18 /opt/Sming/Sming/compiler/lib//libsming.a(SystemClock.o)
                0x000000003ffefaa0                SystemClock
 .bss._ZL11INADDR_NONE
                0x000000003ffefab8        0x8 /opt/Sming/Sming/compiler/lib//libsming.a(SystemClock.o)
 .bss.SPI       0x000000003ffefac0       0x2c /opt/Sming/Sming/compiler/lib//libsming.a(SPI.o)
                0x000000003ffefac0                SPI
 .bss._ZL5ESP01
                0x000000003ffefaec       0x30 /opt/Sming/Sming/compiler/lib//libsming.a(SPI.o)
 .bss._ZL11INADDR_NONE
                0x000000003ffefb1c        0x8 /opt/Sming/Sming/compiler/lib//libsming.a(SPI.o)
 .bss._ZL11INADDR_NONE
                0x000000003ffefb24        0x8 /opt/Sming/Sming/compiler/lib//libsming.a(NtpClient.o)
 .bss.RTC       0x000000003ffefb2c        0x1 /opt/Sming/Sming/compiler/lib//libsming.a(RTC.o)
                0x000000003ffefb2c                RTC
 *fill*         0x000000003ffefb2d        0x3 
 .bss.WifiStation
                0x000000003ffefb30       0x24 /opt/Sming/Sming/compiler/lib//libsming.a(Station.o)
                0x000000003ffefb30                WifiStation
 .bss._ZL5ESP01
                0x000000003ffefb54       0x30 /opt/Sming/Sming/compiler/lib//libsming.a(Station.o)
 .bss._ZL11INADDR_NONE
                0x000000003ffefb84        0x8 /opt/Sming/Sming/compiler/lib//libsming.a(Station.o)
 .bss._ZL5ESP01
                0x000000003ffefb8c       0x30 /opt/Sming/Sming/compiler/lib//libsming.a(DateTime.o)
 .bss._ZL11INADDR_NONE
                0x000000003ffefbbc        0x8 /opt/Sming/Sming/compiler/lib//libsming.a(DateTime.o)
 .bss._ZL11INADDR_NONE
                0x000000003ffefbc4        0x8 /opt/Sming/Sming/compiler/lib//libsming.a(CommandExecutor.o)
 .bss._ZL15s_uart_debug_nr
                0x000000003ffefbcc        0x4 /opt/Sming/Sming/compiler/lib//libsming.a(uart.o)
 .bss._ZL5ESP01
                0x000000003ffefbd0       0x30 /opt/Sming/Sming/compiler/lib//libsming.a(uart.o)
 .bss._ZL11INADDR_NONE
                0x000000003ffefc00        0x8 /opt/Sming/Sming/compiler/lib//libsming.a(uart.o)
 .bss._ZL11INADDR_NONE
                0x000000003ffefc08        0x8 /opt/Sming/Sming/compiler/lib//libsming.a(Clock.o)
 .bss._ZL11INADDR_NONE
                0x000000003ffefc10        0x8 /opt/Sming/Sming/compiler/lib//libsming.a(UdpConnection.o)
 .bss._ZL11INADDR_NONE
                0x000000003ffefc18        0x8 /opt/Sming/Sming/compiler/lib//libsming.a(WebSocket.o)
 .bss._ZL11INADDR_NONE
                0x000000003ffefc20        0x8 /opt/Sming/Sming/compiler/lib//libsming.a(HttpResponse.o)
 .bss._ZL11INADDR_NONE
                0x000000003ffefc28        0x8 /opt/Sming/Sming/compiler/lib//libsming.a(TcpConnection.o)
 .bss._ZL11INADDR_NONE
                0x000000003ffefc30        0x8 /opt/Sming/Sming/compiler/lib//libsming.a(HttpRequest.o)
 .bss._ZL11INADDR_NONE
                0x000000003ffefc38        0x8 /opt/Sming/Sming/compiler/lib//libsming.a(HttpServer.o)
 .bss.WDT       0x000000003ffefc40        0x8 /opt/Sming/Sming/compiler/lib//libsming.a(WDT.o)
                0x000000003ffefc40                WDT
 .bss.commandHandler
                0x000000003ffefc48       0x1c /opt/Sming/Sming/compiler/lib//libsming.a(CommandHandler.o)
                0x000000003ffefc48                commandHandler
 .bss._ZL11INADDR_NONE
                0x000000003ffefc64        0x8 /opt/Sming/Sming/compiler/lib//libsming.a(CommandHandler.o)
 .bss._ZL11INADDR_NONE
                0x000000003ffefc6c        0x8 /opt/Sming/Sming/compiler/lib//libsming.a(CommandOutput.o)
 .bss._ZL11INADDR_NONE
                0x000000003ffefc74        0x8 /opt/Sming/Sming/compiler/lib//libsming.a(CommandDelegate.o)
 .bss._ZL11INADDR_NONE
                0x000000003ffefc7c        0x8 /opt/Sming/Sming/compiler/lib//libsming.a(DataSourceStream.o)
 .bss._ZL11INADDR_NONE
                0x000000003ffefc84        0x8 /opt/Sming/Sming/compiler/lib//libsming.a(TcpServer.o)
 .bss._ZL11INADDR_NONE
                0x000000003ffefc8c        0x8 /opt/Sming/Sming/compiler/lib//libsming.a(HttpServerConnection.o)
 .bss._ZL11INADDR_NONE
                0x000000003ffefc94        0x8 /opt/Sming/Sming/compiler/lib//libsming.a(TcpClient.o)
 .bss._ZN11ArduinoJson10JsonObject8_invalidE
                0x000000003ffefc9c        0x8 /opt/Sming/Sming/compiler/lib//libsming.a(ArduinoJson.o)
                0x000000003ffefc9c                _ZN11ArduinoJson10JsonObject8_invalidE
 .bss._ZN11ArduinoJson9JsonArray8_invalidE
                0x000000003ffefca4        0x8 /opt/Sming/Sming/compiler/lib//libsming.a(ArduinoJson.o)
                0x000000003ffefca4                _ZN11ArduinoJson9JsonArray8_invalidE
 *(.gnu.linkonce.b.*)
 *(COMMON)
 COMMON         0x000000003ffefcac       0x64 /opt/Sming/Sming/compiler/lib//libsming.a(gdbstub.o)
                0x000000003ffefcac                gdbstub_savedRegs
                0x000000003ffefd10                . = ALIGN (0x8)
                0x000000003ffefd10                _bss_end = ABSOLUTE (.)
                0x000000003ffefd10                _heap_start = ABSOLUTE (.)

.irom0.text     0x0000000040209000    0x37a00
                0x0000000040209000                _irom0_text_start = ABSOLUTE (.)
 *(.irom0.literal .irom.literal .irom.text.literal .irom0.text .irom.text)
 .irom0.text    0x0000000040209000      0xce5 /opt/esp-open-sdk/sdk/lib/libmain.a(app_main.o)
                                        0xf3d (size before relaxing)
                0x00000000402092d4                wdt_init
                0x000000004020937c                user_uart_wait_tx_fifo_empty
                0x0000000040209630                user_rf_pre_init
                0x0000000040209638                system_phy_freq_trace_enable
                0x0000000040209650                flash_data_check
 *fill*         0x0000000040209ce5        0x3 
 .irom0.text    0x0000000040209ce8      0x186 /opt/esp-open-sdk/sdk/lib/libmain.a(ets_timer.o)
                                        0x1b2 (size before relaxing)
                0x0000000040209cf0                ets_timer_done
                0x0000000040209d3c                ets_timer_handler_isr
                0x0000000040209e0c                ets_timer_init
 *fill*         0x0000000040209e6e        0x2 
 .irom0.text    0x0000000040209e70       0xf0 /opt/esp-open-sdk/sdk/lib/libmain.a(mem_manager.o)
                                         0xf8 (size before relaxing)
                0x0000000040209e70                check_memleak_debug_enable
                0x0000000040209ee0                xPortGetFreeHeapSize
                0x0000000040209ee8                vPortInitialiseBlocks
 .irom0.text    0x0000000040209f60     0x3d2d /opt/esp-open-sdk/sdk/lib/libmain.a(user_interface.o)
                                       0x48dd (size before relaxing)
                0x0000000040209f64                system_set_os_print
                0x0000000040209f74                system_get_os_print
                0x000000004020a13c                system_pp_recycle_rx_pkt
                0x000000004020a158                system_adc_read
                0x000000004020a198                system_adc_read_fast
                0x000000004020a1f8                system_get_vdd33
                0x000000004020a224                system_restart_hook
                0x000000004020a23c                system_restart_local
                0x000000004020a31c                system_restart
                0x000000004020a37c                system_restore
                0x000000004020a3e4                system_get_flash_size_map
                0x000000004020a404                system_get_boot_version
                0x000000004020a43c                system_get_test_result
                0x000000004020a464                system_get_userbin_addr
                0x000000004020a4fc                system_get_boot_mode
                0x000000004020a52c                system_restart_enhance
                0x000000004020a6d8                system_upgrade_userbin_set
                0x000000004020a724                system_upgrade_userbin_check
                0x000000004020a764                system_upgrade_flag_set
                0x000000004020a778                system_upgrade_flag_check
                0x000000004020a7a0                system_upgrade_reboot
                0x000000004020a900                system_deep_sleep_instant
                0x000000004020aa98                system_deep_sleep
                0x000000004020aaf8                system_deep_sleep_set_option
                0x000000004020ab14                system_phy_temperature_alert
                0x000000004020ab28                system_phy_set_max_tpw
                0x000000004020ab3c                system_phy_set_tpw_via_vdd33
                0x000000004020ab50                system_phy_set_rfoption
                0x000000004020ab64                system_phy_set_powerup_option
                0x000000004020ab7c                system_update_cpu_freq
                0x000000004020abd8                system_get_cpu_freq
                0x000000004020abf0                system_overclock
                0x000000004020ac1c                system_restoreclock
                0x000000004020ac4c                system_timer_reinit
                0x000000004020ac64                system_relative_time
                0x000000004020ac88                system_station_got_ip_set
                0x000000004020adb4                system_print_meminfo
                0x000000004020ae14                system_get_free_heap_size
                0x000000004020ae28                system_get_chip_id
                0x000000004020ae4c                system_rtc_clock_cali_proc
                0x000000004020ae60                system_get_rtc_time
                0x000000004020ae74                system_mktime
                0x000000004020af44                system_init_done_cb
                0x000000004020af4c                system_get_rst_info
                0x000000004020af54                system_get_data_of_array_8
                0x000000004020af78                system_get_data_of_array_16
                0x000000004020afa0                system_get_string_from_flash
                0x000000004020b00c                wifi_softap_dhcps_start
                0x000000004020b054                wifi_softap_dhcps_stop
                0x000000004020b094                wifi_softap_dhcps_status
                0x000000004020b09c                wifi_station_dhcpc_start
                0x000000004020b0f4                wifi_station_dhcpc_stop
                0x000000004020b134                wifi_station_dhcpc_event
                0x000000004020b1a8                wifi_station_dhcpc_set_maxtry
                0x000000004020b1b8                wifi_station_dhcpc_status
                0x000000004020b238                wifi_get_opmode
                0x000000004020b24c                wifi_get_opmode_default
                0x000000004020b2c8                wifi_get_broadcast_if
                0x000000004020b304                wifi_set_broadcast_if
                0x000000004020b480                wifi_set_opmode
                0x000000004020b494                wifi_set_opmode_current
                0x000000004020b4a8                system_get_checksum
                0x000000004020b4f0                wifi_param_save_protect_with_check
                0x000000004020b5b0                system_param_save_with_protect
                0x000000004020b664                system_save_sys_param
                0x000000004020b690                system_param_load
                0x000000004020b7cc                wifi_station_get_config
                0x000000004020b7e0                wifi_station_get_config_default
                0x000000004020b800                wifi_station_get_ap_info
                0x000000004020b8b8                wifi_station_ap_number_set
                0x000000004020bd70                wifi_station_set_config
                0x000000004020bd88                wifi_station_set_config_current
                0x000000004020bda0                wifi_station_restore_config
                0x000000004020bdb8                wifi_station_get_current_ap_id
                0x000000004020bdcc                wifi_station_ap_check
                0x000000004020be1c                wifi_station_ap_change
                0x000000004020bf34                wifi_station_scan
                0x000000004020bf80                wifi_station_get_auto_connect
                0x000000004020bfa0                wifi_station_set_auto_connect
                0x000000004020c058                wifi_station_save_pmk2cache
                0x000000004020c188                wifi_station_save_bssid
                0x000000004020c228                wifi_station_connect
                0x000000004020c2bc                wifi_station_disconnect
                0x000000004020c37c                wifi_station_get_connect_status
                0x000000004020c3ac                wifi_station_set_reconnect_policy
                0x000000004020c3c4                wifi_station_get_reconnect_policy
                0x000000004020c3cc                wifi_station_get_rssi
                0x000000004020c41c                wifi_station_set_default_hostname
                0x000000004020c484                wifi_station_get_hostname
                0x000000004020c4b4                wifi_station_set_hostname
                0x000000004020c554                wifi_softap_cacl_mac
                0x000000004020c5c4                wifi_softap_set_default_ssid
                0x000000004020c7a4                wifi_softap_get_config
                0x000000004020c7b8                wifi_softap_get_config_default
                0x000000004020caf4                wifi_softap_set_config
                0x000000004020cb08                wifi_softap_set_config_current
                0x000000004020cb1c                wifi_softap_set_station_info
                0x000000004020cb8c                wifi_softap_get_station_info
                0x000000004020cc38                wifi_softap_free_station_info
                0x000000004020cc78                wifi_softap_get_station_num
                0x000000004020cccc                wifi_softap_deauth
                0x000000004020cd7c                wifi_softap_get_beacon_only_mode
                0x000000004020cd90                wifi_softap_set_beacon_only_mode
                0x000000004020cdf4                wifi_register_user_ie_manufacturer_recv_cb
                0x000000004020ce08                wifi_unregister_user_ie_manufacturer_recv_cb
                0x000000004020ce38                wifi_set_user_ie
                0x000000004020cf48                wifi_get_user_ie
                0x000000004020cf7c                wifi_get_phy_mode
                0x000000004020cf90                wifi_set_phy_mode
                0x000000004020d144                wifi_check_regdomain_param
                0x000000004020d1c8                wifi_regdomain_need_update
                0x000000004020d2a4                wifi_set_regdomain
                0x000000004020d3dc                wifi_get_regdomain
                0x000000004020d48c                wifi_set_sleep_type
                0x000000004020d4ac                wifi_enable_gpio_wakeup
                0x000000004020d4d8                wifi_disable_gpio_wakeup
                0x000000004020d4f0                wifi_get_sleep_type
                0x000000004020d508                wifi_get_channel
                0x000000004020d520                wifi_set_channel
                0x000000004020d578                wifi_promiscuous_set_mac
                0x000000004020d5d8                wifi_promiscuous_enable
                0x000000004020d6bc                wifi_set_promiscuous_rx_cb
                0x000000004020d6cc                wifi_get_ip_info
                0x000000004020d74c                wifi_set_ip_info
                0x000000004020d7c0                wifi_get_macaddr
                0x000000004020d820                wifi_set_macaddr
                0x000000004020d93c                wifi_enable_6m_rate
                0x000000004020d944                wifi_get_user_fixed_rate
                0x000000004020d964                wifi_set_user_fixed_rate
                0x000000004020d984                wifi_set_user_sup_rate
                0x000000004020d9c0                wifi_set_user_rate_limit
                0x000000004020d9e4                wifi_get_user_limit_rate_mask
                0x000000004020d9ec                wifi_set_user_limit_rate_mask
                0x000000004020da04                wifi_register_send_pkt_freedom_cb
                0x000000004020da18                wifi_unregister_send_pkt_freedom_cb
                0x000000004020da24                wifi_send_pkt_freedom
                0x000000004020da70                wifi_rfid_locp_recv_open
                0x000000004020da84                wifi_rfid_locp_recv_close
                0x000000004020da98                wifi_register_rfid_locp_recv_cb
                0x000000004020daac                wifi_unregister_rfid_locp_recv_cb
                0x000000004020dac4                wifi_status_led_install
                0x000000004020daf8                wifi_status_led_uninstall
                0x000000004020db1c                wifi_set_status_led_output_level
                0x000000004020db70                wifi_set_event_handler_cb
                0x000000004020dbb8                system_os_task
                0x000000004020dbf4                system_uart_swap
                0x000000004020dc54                system_uart_de_swap
                0x000000004020dc88                system_get_sdk_version
 *fill*         0x000000004020dc8d        0x3 
 .irom0.text    0x000000004020dc90      0x610 /opt/esp-open-sdk/sdk/lib/libmain.a(eagle_lib.o)
                                        0x620 (size before relaxing)
                0x000000004020dc94                divide
                0x000000004020dcd0                skip_atoi
                0x000000004020de50                ets_vsnprintf
                0x000000004020e1b0                ets_vsprintf
                0x000000004020e1d4                ets_sprintf
                0x000000004020e1fc                ets_strcat
                0x000000004020e21c                ets_strrchr
                0x000000004020e248                ets_strchr
                0x000000004020e260                bit_popcount
                0x000000004020e27c                ets_snprintf
 .irom0.text    0x000000004020e2a0      0x31e /opt/esp-open-sdk/sdk/lib/libmain.a(eagle_lwip_if.o)
                                        0x3e6 (size before relaxing)
                0x000000004020e358                eagle_lwip_if_alloc
                0x000000004020e518                eagle_lwip_if_free
                0x000000004020e59c                eagle_lwip_getif
 *fill*         0x000000004020e5be        0x2 
 .irom0.literal
                0x000000004020e5c0       0x98 /opt/Sming/Sming/compiler/lib//libmicroc.a(acos.o)
                                        0x158 (size before relaxing)
 .irom0.literal
                0x000000004020e658       0x1c /opt/Sming/Sming/compiler/lib//libmicroc.a(asin.o)
                                        0x170 (size before relaxing)
 .irom0.literal
                0x000000004020e674        0xc /opt/Sming/Sming/compiler/lib//libmicroc.a(cos.o)
                                         0x48 (size before relaxing)
 .irom0.literal
                0x000000004020e680       0x10 /opt/Sming/Sming/compiler/lib//libmicroc.a(floor.o)
                                         0x48 (size before relaxing)
 .irom0.literal
                0x000000004020e690        0x8 /opt/Sming/Sming/compiler/lib//libmicroc.a(sin.o)
                                         0x50 (size before relaxing)
 .irom0.literal
                0x000000004020e698        0x8 /opt/Sming/Sming/compiler/lib//libmicroc.a(sqrt.o)
                                         0x2c (size before relaxing)
 .irom0.literal
                0x000000004020e6a0        0x0 /opt/Sming/Sming/compiler/lib//libmicroc.a(tan.o)
                                         0x40 (size before relaxing)
 .irom0.literal
                0x000000004020e6a0        0x0 /opt/Sming/Sming/compiler/lib//libmicroc.a(strchr.o)
                                          0x4 (size before relaxing)
 .irom0.literal
                0x000000004020e6a0        0xc /opt/Sming/Sming/compiler/lib//libmicroc.a(strchrnul.o)
 .irom0.literal
                0x000000004020e6ac        0x4 /opt/Sming/Sming/compiler/lib//libmicroc.a(malloc.o)
                                         0x14 (size before relaxing)
 .irom0.literal
                0x000000004020e6b0        0x4 /opt/Sming/Sming/compiler/lib//libmicroc.a(abort.o)
                                          0x8 (size before relaxing)
 .irom0.literal
                0x000000004020e6b4       0x30 /opt/Sming/Sming/compiler/lib//libmicroc.a(__cos.o)
                                         0x9c (size before relaxing)
 .irom0.literal
                0x000000004020e6e4       0x74 /opt/Sming/Sming/compiler/lib//libmicroc.a(__rem_pio2.o)
                                        0x1c0 (size before relaxing)
 .irom0.literal
                0x000000004020e758       0x24 /opt/Sming/Sming/compiler/lib//libmicroc.a(__rem_pio2_large.o)
                                        0x12c (size before relaxing)
 .irom0.literal
                0x000000004020e77c       0x2c /opt/Sming/Sming/compiler/lib//libmicroc.a(__sin.o)
                                         0x98 (size before relaxing)
 .irom0.literal
                0x000000004020e7a8       0x70 /opt/Sming/Sming/compiler/lib//libmicroc.a(__tan.o)
                                        0x16c (size before relaxing)
 .irom0.literal
                0x000000004020e818        0x4 /opt/Sming/Sming/compiler/lib//libmicroc.a(scalbn.o)
                                         0x24 (size before relaxing)
 .irom0.literal
                0x000000004020e81c        0x0 /opt/Sming/Sming/compiler/lib//libmicroc.a(memchr.o)
                                          0x8 (size before relaxing)
 .irom0.literal
                0x000000004020e81c        0x8 /opt/Sming/Sming/compiler/lib//libmicrogcc.a(_divsf3.o)
                                         0x10 (size before relaxing)
 .irom0.text    0x000000004020e824      0x331 /opt/Sming/Sming/compiler/lib//libmicroc.a(acos.o)
                                        0x33d (size before relaxing)
                0x000000004020e960                acos
 *fill*         0x000000004020eb55        0x3 
 .irom0.text    0x000000004020eb58      0x371 /opt/Sming/Sming/compiler/lib//libmicroc.a(asin.o)
                                        0x375 (size before relaxing)
                0x000000004020ec94                asin
 *fill*         0x000000004020eec9        0x3 
 .irom0.text    0x000000004020eecc       0xc0 /opt/Sming/Sming/compiler/lib//libmicroc.a(cos.o)
                                         0xc4 (size before relaxing)
                0x000000004020eecc                cos
 .irom0.text    0x000000004020ef8c      0x107 /opt/Sming/Sming/compiler/lib//libmicroc.a(floor.o)
                0x000000004020ef8c                floor
 *fill*         0x000000004020f093        0x1 
 .irom0.text    0x000000004020f094       0xd5 /opt/Sming/Sming/compiler/lib//libmicroc.a(sin.o)
                                         0xd9 (size before relaxing)
                0x000000004020f094                sin
 *fill*         0x000000004020f169        0x3 
 .irom0.text    0x000000004020f16c      0x197 /opt/Sming/Sming/compiler/lib//libmicroc.a(sqrt.o)
                0x000000004020f16c                sqrt
 *fill*         0x000000004020f303        0x1 
 .irom0.text    0x000000004020f304       0xa4 /opt/Sming/Sming/compiler/lib//libmicroc.a(tan.o)
                                         0xa8 (size before relaxing)
                0x000000004020f304                tan
 .irom0.text    0x000000004020f3a8       0x25 /opt/Sming/Sming/compiler/lib//libmicroc.a(strchr.o)
                                         0x29 (size before relaxing)
                0x000000004020f3a8                strchr
 *fill*         0x000000004020f3cd        0x3 
 .irom0.text    0x000000004020f3d0       0x75 /opt/Sming/Sming/compiler/lib//libmicroc.a(strchrnul.o)
                0x000000004020f3d0                __strchrnul
                0x000000004020f3d0                strchrnul
 *fill*         0x000000004020f445        0x3 
 .irom0.text    0x000000004020f448       0x65 /opt/Sming/Sming/compiler/lib//libmicroc.a(malloc.o)
                0x000000004020f448                malloc
                0x000000004020f45c                free
                0x000000004020f470                realloc
                0x000000004020f484                zalloc
                0x000000004020f498                calloc
 *fill*         0x000000004020f4ad        0x3 
 .irom0.text    0x000000004020f4b0       0x11 /opt/Sming/Sming/compiler/lib//libmicroc.a(abort.o)
                0x000000004020f4b0                abort
 *fill*         0x000000004020f4c1        0x3 
 .irom0.text    0x000000004020f4c4      0x1af /opt/Sming/Sming/compiler/lib//libmicroc.a(__cos.o)
                0x000000004020f4c4                __cos
 *fill*         0x000000004020f673        0x1 
 .irom0.text    0x000000004020f674      0x5a0 /opt/Sming/Sming/compiler/lib//libmicroc.a(__rem_pio2.o)
                0x000000004020f674                __rem_pio2
 .irom0.text    0x000000004020fc14      0x83b /opt/Sming/Sming/compiler/lib//libmicroc.a(__rem_pio2_large.o)
                                        0x84b (size before relaxing)
                0x000000004020fc14                __rem_pio2_large
 *fill*         0x000000004021044f        0x1 
 .irom0.text    0x0000000040210450      0x1a7 /opt/Sming/Sming/compiler/lib//libmicroc.a(__sin.o)
                0x0000000040210450                __sin
 *fill*         0x00000000402105f7        0x1 
 .irom0.text    0x00000000402105f8      0x3f4 /opt/Sming/Sming/compiler/lib//libmicroc.a(__tan.o)
                0x00000000402105f8                __tan
 .irom0.text    0x00000000402109ec       0x8f /opt/Sming/Sming/compiler/lib//libmicroc.a(scalbn.o)
                0x00000000402109ec                scalbn
 *fill*         0x0000000040210a7b        0x1 
 .irom0.text    0x0000000040210a7c       0xfa /opt/esp-open-sdk/sdk/lib/libphy.a(phy.o)
                                        0x11e (size before relaxing)
                0x0000000040210a80                rf_init
                0x0000000040210a9c                bb_init
                0x0000000040210ab4                phy_init
                0x0000000040210ae4                RFChannelSel
                0x0000000040210b00                phy_delete_channel
                0x0000000040210b18                phy_enable_agc
                0x0000000040210b30                phy_disable_agc
                0x0000000040210b48                phy_initialize_bb
                0x0000000040210b60                phy_set_sense
 *fill*         0x0000000040210b76        0x2 
 .irom0.text    0x0000000040210b78     0x176b /opt/esp-open-sdk/sdk/lib/libphy.a(phy_chip_v6_ana.o)
                                       0x197f (size before relaxing)
                0x0000000040210b7c                ram_pbus_set_rxgain
                0x0000000040210c54                ram_pbus_debugmode
                0x0000000040210d08                ram_pbus_xpd_tx_on
                0x0000000040210d74                set_rf_freq_offset
                0x0000000040210de4                chip_v6_rxmax_ext_ana
                0x0000000040210f38                ram_chip_v6_rx_init
                0x0000000040210f68                tsen_meas
                0x0000000040211018                readvdd33
                0x00000000402111e4                txpwr_offset
                0x00000000402112a0                set_txcap_reg
                0x0000000040211320                ram_ana_inf_gating_en
                0x0000000040211480                ram_restart_cal
                0x00000000402114ec                wait_rfpll_cal_end
                0x000000004021157c                ram_rfpll_set_freq
                0x0000000040211684                ram_set_channel_freq
                0x0000000040211980                chip_60_set_channel
                0x0000000040211b20                chip_v6_set_chan_offset
                0x0000000040211b7c                chip_v6_set_chan
                0x0000000040211c2c                chip_v6_set_chan_wakeup
                0x0000000040211cb0                chip_v6_rf_init
                0x0000000040211f14                low_power_set
                0x0000000040211f64                test_tout
                0x00000000402120dc                check_data_flag
                0x00000000402120fc                phy_get_check_flag
                0x0000000040212230                phy_get_vdd33
 *fill*         0x00000000402122e3        0x1 
 .irom0.text    0x00000000402122e4     0x3e48 /opt/esp-open-sdk/sdk/lib/libphy.a(phy_chip_v6.o)
                                       0x44fc (size before relaxing)
                0x00000000402122e4                ram_tx_mac_enable
                0x00000000402122e8                ram_tx_mac_disable
                0x00000000402122ec                rtc_mem_backup
                0x000000004021231c                rtc_mem_recovery
                0x000000004021234c                set_cal_rxdc
                0x0000000040212400                set_rx_gain_cal_iq
                0x000000004021275c                gen_rx_gain_table
                0x00000000402128b4                pbus_set_rxbbgain
                0x0000000040212934                set_rx_gain_testchip_50
                0x0000000040212c68                ram_get_corr_power
                0x0000000040212d58                check_data_func
                0x0000000040212d78                do_noisefloor_lsleep_v50
                0x0000000040212dac                do_noisefloor
                0x0000000040212e1c                start_dig_rx
                0x0000000040212e60                stop_dig_rx
                0x0000000040212e8c                chip_v6_set_chanfreq
                0x0000000040212ebc                tx_cap_init
                0x00000000402130e4                target_power_add_backoff
                0x0000000040213110                tx_pwctrl_init_cal
                0x00000000402132b0                tx_atten_set_interp
                0x0000000040213510                check_tx_pwr_cal
                0x0000000040213654                tx_pwctrl_init
                0x0000000040213778                ram_get_noisefloor
                0x0000000040213794                get_noisefloor_sat
                0x00000000402137c4                ram_set_noise_floor
                0x0000000040213820                ram_start_noisefloor
                0x000000004021386c                read_hw_noisefloor
                0x0000000040213898                noise_check_loop
                0x00000000402139f4                noise_init
                0x0000000040213bf4                target_power_backoff
                0x0000000040213c48                sdt_on_noise_start
                0x0000000040213cc8                chip_v6_set_chan_rx_cmp
                0x0000000040213e54                chip_v6_set_chan_misc
                0x0000000040213ed8                phy_dig_spur_set
                0x0000000040214230                phy_dig_spur_prot
                0x0000000040214468                chip_v6_rxmax_ext_dig
                0x00000000402144b4                chip_v6_rxmax_ext
                0x0000000040214560                phy_bb_rx_cfg
                0x0000000040214978                uart_wait_idle
                0x00000000402149b0                phy_pbus_soc_cfg
                0x0000000040214a68                phy_gpio_cfg
                0x0000000040214c80                tx_cont_en
                0x0000000040214d28                tx_cont_dis
                0x0000000040214d7c                tx_cont_cfg
                0x0000000040214d9c                chip_v6_initialize_bb
                0x0000000040214f00                periodic_cal
                0x0000000040214f38                bbpll_cal
                0x0000000040214fe0                periodic_cal_top
                0x0000000040215044                register_chipv6_phy_init_param
                0x00000000402152ec                change_bbpll160_sleep
                0x000000004021549c                change_bbpll160
                0x00000000402154d4                set_crystal_uart
                0x0000000040215568                ant_switch_init
                0x0000000040215618                reduce_current_init
                0x0000000040215704                rtc_mem_check
                0x0000000040215740                phy_afterwake_set_rfoption
                0x000000004021575c                deep_sleep_set_option
                0x0000000040215788                write_data_to_rtc
                0x00000000402157c0                get_data_from_rtc
                0x0000000040215844                register_chipv6_phy
                0x0000000040215cdc                set_dpd_bypass
                0x0000000040215d04                set_rf_gain_stage10
                0x0000000040215d34                get_vdd33_offset
                0x0000000040215da8                get_phy_target_power
                0x0000000040215e58                set_most_pwr_reg
                0x0000000040215f2c                phy_set_most_tpw
                0x0000000040215f4c                phy_vdd33_set_tpw
                0x0000000040215f64                get_adc_rand
                0x0000000040215f98                phy_get_rand
                0x0000000040215fb4                phy_tx_pwctrl_cali
                0x0000000040215fdc                phy_check_data_table
                0x0000000040216018                phy_after_init_enrx
                0x000000004021607c                phy_set_rx11b_reg
                0x00000000402160b0                phy_set_powerup_option
                0x00000000402160c0                phy_get_txpwr_param
                0x000000004021610c                phy_get_rxnf_param
                0x0000000040216118                phy_get_freq_param
 .irom0.text    0x000000004021612c     0x21a4 /opt/esp-open-sdk/sdk/lib/libphy.a(phy_chip_v6_cal.o)
                                       0x23d4 (size before relaxing)
                0x000000004021612c                txbbgain2dcoindex
                0x000000004021614c                dcoindex2txbbgain
                0x0000000040216170                init_cal_dcoffset
                0x0000000040216234                set_rfanagain_dc_reg
                0x00000000402162d0                set_txdc_pbus
                0x000000004021633c                get_rf_gain_qdb
                0x0000000040216364                correct_rf_ana_gain
                0x000000004021646c                get_sar_dout
                0x00000000402164fc                cal_rf_ana_gain
                0x0000000040216614                meas_tone_pwr_db
                0x0000000040216684                tx_pwr_backoff
                0x0000000040216838                get_fcc_1m2m_pwr_offset
                0x0000000040216874                ram_set_txbb_atten
                0x0000000040216908                txiq_get_mis_pwr
                0x00000000402169b0                txiq_cover
                0x0000000040216bcc                ram_rfcal_txiq
                0x0000000040216e38                rc_cal
                0x0000000040216ff8                get_target_power_offset
                0x0000000040217100                get_pwctrl_correct
                0x0000000040217158                tx_pwctrl_cal
                0x0000000040217454                tx_pwctrl_bg_init
                0x00000000402174cc                tx_pwctrl_background
                0x0000000040217584                read_sar_dout
                0x00000000402175e8                ram_get_fm_sar_dout
                0x000000004021768c                ram_cal_tos_v60
                0x000000004021785c                ram_get_bb_atten
                0x000000004021788c                ram_rfcal_txcap
                0x0000000040217a50                ram_rfcal_pwrctrl
                0x0000000040217c8c                ram_rxiq_get_mis
                0x0000000040217e5c                ram_rxiq_cover_mg_mp
                0x0000000040218000                ram_rfcal_rxiq
                0x000000004021820c                dpd_scale_set
                0x0000000040218254                dpd_mem_write
 .irom0.text    0x00000000402182d0      0xc8a /opt/esp-open-sdk/sdk/lib/libphy.a(phy_sleep.o)
                                        0xe9a (size before relaxing)
                0x00000000402182d0                pm_usec2rtc
                0x0000000040218304                pm_rtc2usec
                0x0000000040218314                pm_set_sleep_cycles
                0x000000004021833c                pm_sleep_opt
                0x0000000040218490                pm_wakeup_opt
                0x00000000402184c8                get_chip_version
                0x0000000040218508                pm_sleep_opt_bb_off
                0x0000000040218554                pm_sleep_opt_bb_on
                0x00000000402185a8                pm_set_pll_xtal_wait_time
                0x00000000402185d4                pm_prepare_to_sleep
                0x00000000402185dc                pm_sdio_nidle
                0x0000000040218650                chg_lslp_mem_opt_8266
                0x0000000040218670                pm_wait4wakeup
                0x00000000402186ac                pm_open_rf
                0x00000000402186ec                pm_sleep_set_mac
                0x0000000040218770                pm_set_wakeup_mac
                0x0000000040218808                pm_check_mac_idle
                0x0000000040218860                pm_set_sleep_btco
                0x0000000040218900                pm_set_wakeup_btco
                0x0000000040218a18                pm_set_sleep_mode
                0x0000000040218b38                pm_unmask_bt
                0x0000000040218ba4                pm_wakeup_init
                0x0000000040218e00                sleep_opt_8266
                0x0000000040218e20                sleep_opt_bb_on_8266
                0x0000000040218e58                sleep_reset_analog_rtcreg_8266
 *fill*         0x0000000040218f5a        0x2 
 .irom0.text    0x0000000040218f5c      0x48d /opt/esp-open-sdk/sdk/lib/libpp.a(if_hwctrl.o)
                                        0x5bd (size before relaxing)
                0x0000000040218f7c                ic_get_addr
                0x0000000040218f88                ic_set_opmode
                0x0000000040218f9c                ic_enable_interface
                0x0000000040218fec                ic_interface_enabled
                0x0000000040219000                ic_disable_interface
                0x0000000040219048                ic_is_pure_sta
                0x0000000040219064                ic_get_ptk_alg
                0x0000000040219074                ic_get_gtk_alg
                0x0000000040219084                ic_set_ptk_alg
                0x0000000040219094                ic_set_gtk_alg
                0x00000000402190a4                ic_interface_is_p2p
                0x000000004021913c                ic_set_vif
                0x00000000402191f8                ic_set_sta
                0x00000000402192f8                ic_bss_info_update
                0x0000000040219354                ic_set_key
                0x00000000402193b0                ic_remove_key
                0x00000000402193c4                ic_get_rssi
 *fill*         0x00000000402193e9        0x3 
 .irom0.text    0x00000000402193ec      0x100 /opt/esp-open-sdk/sdk/lib/libpp.a(lmac.o)
                                        0x118 (size before relaxing)
                0x00000000402193f0                lmacInitAc
                0x0000000040219424                lmacInit
                0x00000000402194d0                lmacSetRetryLimit
 .irom0.text    0x00000000402194ec     0x1a9d /opt/esp-open-sdk/sdk/lib/libpp.a(pm.o)
                                       0x2045 (size before relaxing)
                0x00000000402194f0                pm_set_gpio_wakeup_pin
                0x0000000040219528                pm_clear_gpio_wakeup_pin
                0x0000000040219538                pm_is_gpio_int_trig
                0x000000004021954c                pm_rtc_clock_cali_proc
                0x0000000040219584                pm_get_ck170_period
                0x00000000402195a8                pm_set_sleep_time
                0x000000004021991c                pm_rf_is_closed
                0x000000004021994c                pm_set_sleep_type_from_upper
                0x0000000040219a3c                pm_get_sleep_type
                0x0000000040219bf8                uart_tx_flush
                0x0000000040219bfc                pm_suspend
                0x0000000040219e20                pm_shutdown
                0x0000000040219f00                pm_reset_idle_sleep
                0x0000000040219f40                pm_idle_sleep
                0x0000000040219f50                pm_open
                0x000000004021a054                pm_onBcnRx
                0x000000004021a3e8                StopLightSleepSetFunc
                0x000000004021a3f0                LightSleepWakedCbSetFunc
                0x000000004021a9c0                pm_enable_gpio_wakeup
                0x000000004021a9fc                pm_attach
                0x000000004021aaf4                pm_send_nullfunc
                0x000000004021ac98                pm_is_waked
                0x000000004021acb0                pm_is_open
                0x000000004021acc8                pm_scan_lock
                0x000000004021acf0                pm_try_scan_unlock
                0x000000004021ad08                pm_force_scan_unlock
                0x000000004021adac                pm_scan_unlocked
                0x000000004021adc0                pm_allow_tx
                0x000000004021addc                pm_assoc_parse
                0x000000004021adf4                pm_set_addr
                0x000000004021ae14                pm_sleep_for
                0x000000004021ae44                pm_post
                0x000000004021af48                pm_get_idle_wait_time
 *fill*         0x000000004021af89        0x3 
 .irom0.text    0x000000004021af8c      0xb38 /opt/esp-open-sdk/sdk/lib/libpp.a(pm_for_bcn_only_mode.o)
                                        0xee4 (size before relaxing)
                0x000000004021afa0                wifi_fpm_set_sleep_type
                0x000000004021afa0                fpm_set_type_from_upper
                0x000000004021b05c                wifi_fpm_get_sleep_type
                0x000000004021b05c                fpm_get_slp_type
                0x000000004021b064                fpm_rf_is_closed
                0x000000004021b078                fpm_is_open
                0x000000004021b084                fpm_allow_tx
                0x000000004021b0ac                wifi_fpm_close
                0x000000004021b0ac                fpm_close
                0x000000004021b13c                wifi_fpm_open
                0x000000004021b13c                fpm_open
                0x000000004021b1c0                fpm_attach
                0x000000004021b370                wifi_fpm_set_wakeup_cb
                0x000000004021b370                fpm_set_wakeup_cb
                0x000000004021b4ac                wifi_fpm_do_wakeup
                0x000000004021b4ac                fpm_do_wakeup
                0x000000004021b9dc                fpm_do_sleep
                0x000000004021b9dc                wifi_fpm_do_sleep
                0x000000004021ba7c                fpm_auto_sleep_set_in_null_mode
                0x000000004021ba7c                wifi_fpm_auto_sleep_set_in_null_mode
                0x000000004021babc                get_fpm_auto_sleep_flag
 .irom0.text    0x000000004021bac4     0x15be /opt/esp-open-sdk/sdk/lib/libpp.a(pp.o)
                                       0x19a2 (size before relaxing)
                0x000000004021bad0                PPWdtReset
                0x000000004021bb04                pp_soft_wdt_init
                0x000000004021bb24                system_soft_wdt_feed
                0x000000004021bb24                pp_soft_wdt_feed
                0x000000004021bb40                pp_soft_wdt_stop
                0x000000004021bb40                system_soft_wdt_stop
                0x000000004021bb6c                pp_soft_wdt_restart
                0x000000004021bb6c                system_soft_wdt_restart
                0x000000004021bba4                RxNodeNum
                0x000000004021bbbc                TxNodeNum
                0x000000004021bbe0                pp_disable_noise_timer
                0x000000004021bc00                pp_enable_noise_timer
                0x000000004021bd10                pp_noise_test
                0x000000004021bd20                reset_noise_timer
                0x000000004021bd58                pp_disable_idle_timer
                0x000000004021bd7c                pp_enable_idle_timer
                0x000000004021bda4                pp_try_enable_idle_timer
                0x000000004021bde0                ppPeocessRxPktHdr
                0x000000004021c114                HdlAllBuffedEb
                0x000000004021c19c                ppTxPkt
                0x000000004021c314                ppProcessWaitQ
                0x000000004021c324                ppRegisterTxCallback
                0x000000004021c34c                ppUnregisterTxCallback
                0x000000004021c380                ppRecycleRxPkt
                0x000000004021c3e0                ppCheckTxIdle
                0x000000004021c65c                pp_tx_idle_timeout
                0x000000004021c820                DefFreqCalTimerCB
                0x000000004021cb9c                ppGetTxQFirstAvail_Locked
                0x000000004021cc7c                pp_attach
 *fill*         0x000000004021d082        0x2 
 .irom0.text    0x000000004021d084      0x296 /opt/esp-open-sdk/sdk/lib/libpp.a(rate_control.o)
                                        0x2a2 (size before relaxing)
                0x000000004021d2d0                RC_SetBasicRate
 *fill*         0x000000004021d31a        0x2 
 .irom0.text    0x000000004021d31c      0x5e9 /opt/esp-open-sdk/sdk/lib/libpp.a(trc.o)
                                        0x64d (size before relaxing)
                0x000000004021d31c                phytype2mode
                0x000000004021d338                rc_set_rate_limit_id
                0x000000004021d454                rcUpdatePhyMode
                0x000000004021d620                rcAttach
                0x000000004021d66c                rcGetTrc
                0x000000004021d674                trc_onDisconnect
                0x000000004021d678                trc_onScanStart
                0x000000004021d68c                trc_onScanDone
                0x000000004021d6a8                rc_enable_trc
                0x000000004021d780                rc_get_mask
                0x000000004021d794                rc_disable_trc
                0x000000004021d7e8                rc_disable_trc_by_interface
                0x000000004021d804                rc_get_sta_trc
                0x000000004021d848                rc_get_trc
                0x000000004021d8b8                rc_get_trc_by_index
                0x000000004021d8d8                rc_only_sta_trc
 *fill*         0x000000004021d905        0x3 
 .irom0.text    0x000000004021d908      0xbcb /opt/esp-open-sdk/sdk/lib/libpp.a(wdev.o)
                                        0xd43 (size before relaxing)
                0x000000004021d914                wDev_Option_Init
                0x000000004021da08                wDev_Enable_Beacon_Tsf
                0x000000004021da24                wDev_Disable_Beacon_Tsf
                0x000000004021da40                wDev_Set_Beacon_Int
                0x000000004021da48                wDev_Reset_TBTT
                0x000000004021da78                wDev_Get_Next_TBTT
                0x000000004021dcf4                wDev_Initialize
                0x000000004021dd64                wDevForceAck6M
                0x000000004021dd80                wDev_SetMacAddress
                0x000000004021de1c                wDev_SetRxPolicy
                0x000000004021de70                wDev_EnableUcRx
                0x000000004021de9c                wDev_DisableUcRx
                0x000000004021dec8                wDev_SetBssid
                0x000000004021dfa0                wDev_ClearBssid
                0x000000004021dfd4                wDev_Is_Mac_Key_Exist
                0x000000004021e060                wDev_Insert_KeyEntry
                0x000000004021e150                wDev_remove_KeyEntry
                0x000000004021e18c                wDev_remove_KeyEntry_all_cnx
                0x000000004021e1d4                wDev_Crypto_Conf
                0x000000004021e270                wDev_Crypto_Disable
                0x000000004021e2a8                wDevEnableRx
                0x000000004021e2d0                wdev_go_sniffer
                0x000000004021e3ac                wdev_set_sniffer_addr
                0x000000004021e404                wdev_exit_sniffer
 *fill*         0x000000004021e4d3        0x1 
 .irom0.text    0x000000004021e4d4      0x3ed /opt/esp-open-sdk/sdk/lib/libpp.a(esf_buf.o)
                                        0x4c1 (size before relaxing)
                0x000000004021e4dc                esf_buf_alloc
                0x000000004021e6c4                esf_buf_recycle
                0x000000004021e804                esf_buf_setup
 *fill*         0x000000004021e8c1        0x3 
 .irom0.text    0x000000004021e8c4      0x479 /opt/esp-open-sdk/sdk/lib/libnet80211.a(ieee80211.o)
                                        0x545 (size before relaxing)
                0x000000004021e948                ieee80211_rate_ref_init
                0x000000004021e960                ieee80211_freedom_inside_cb
                0x000000004021e990                ieee80211_freedom_init
                0x000000004021e9b4                ieee80211_user_ie_init
                0x000000004021e9d0                ieee80211_ifattach
                0x000000004021ea34                ieee80211_mhz2ieee
                0x000000004021ea90                ieee80211_chan2ieee
                0x000000004021eaac                ieee80211_ieee2mhz
                0x000000004021eaec                ieee80211_find_channel
                0x000000004021eb18                ieee80211_find_channel_byieee
                0x000000004021eb68                wifi_mode_set
 *fill*         0x000000004021ed3d        0x3 
 .irom0.text    0x000000004021ed40       0xcf /opt/esp-open-sdk/sdk/lib/libnet80211.a(ieee80211_crypto.o)
                                         0xd7 (size before relaxing)
                0x000000004021ed40                ieee80211_crypto_attach
                0x000000004021ed44                ieee80211_crypto_available
                0x000000004021ed48                ieee80211_crypto_setkey
                0x000000004021ed4c                ieee80211_crypto_encap
                0x000000004021eda4                ieee80211_crypto_decap
 *fill*         0x000000004021ee0f        0x1 
 .irom0.text    0x000000004021ee10       0x4c /opt/esp-open-sdk/sdk/lib/libnet80211.a(ieee80211_ets.o)
                                         0x50 (size before relaxing)
                0x000000004021ee14                ieee80211_getmgtframe
 .irom0.text    0x000000004021ee5c     0x19f8 /opt/esp-open-sdk/sdk/lib/libnet80211.a(ieee80211_hostap.o)
                                       0x1f3b (size before relaxing)
                0x000000004021f4a0                ieee80211_hostap_attach
                0x000000004021f59c                hostap_handle_timer
                0x000000004021f634                hostap_input
                0x0000000040220534                wifi_softap_start
                0x00000000402206b8                wifi_softap_stop
 *fill*         0x0000000040220854        0x0 
 .irom0.text    0x0000000040220854      0xa62 /opt/esp-open-sdk/sdk/lib/libnet80211.a(ieee80211_ht.o)
                                        0xb36 (size before relaxing)
                0x0000000040220864                ieee80211_ht_attach
                0x00000000402208b4                ieee80211_ht_node_init
                0x00000000402208f4                ieee80211_ht_node_cleanup
                0x000000004022092c                ieee80211_parse_htcap
                0x0000000040220a10                ieee80211_ht_updateparams
                0x0000000040220b20                ieee80211_setup_htrates
                0x0000000040220bec                ieee80211_setup_basic_htrates
                0x0000000040220f24                ieee80211_add_htcap
                0x0000000040220f40                ieee80211_add_htcap_vendor
                0x0000000040221060                ieee80211_add_htinfo